{"errors":[{"message":"`author` is an object, interface or union type field. Leaf selections on objects, interfaces, and unions without subfields are disallowed.","locations":[{"line":3,"column":16}],"path":["books"],"extensions":{"declaringType":"Book","field":"author","type":"Author","responseName":"author","specifiedBy":"http://spec.graphql.org/October2021/#sec-Field-Selections-on-Objects-Interfaces-and-Unions-Types"}}]}
